
> server@1.0.0 test
> jest --runInBand --forceExit

  console.log
    [dotenv@17.3.1] injecting env (6) from .env -- tip: ≡ƒ¢á∩╕Å  run anywhere with `dotenvx run -- yourcommand`

      at _log (node_modules/dotenv/lib/main.js:139:11)

node.exe : FAIL 
tests/auth.test.js 
(31.847 s)
At line:1 char:1
+ & "C:\Program 
Files\nodejs/node.exe" 
"C:\Program 
Files\nodejs/node_mo 
...
+ ~~~~~~~~~~~~~~~~~~~~~
~~~~~~~~~~~~~~~~~~~~~~~
~~~~~~~~~~~~~~~~~~~~~~~
~~
    + CategoryInfo     
         : NotSpecifi  
  ed: (FAIL tests/au   
 th.test.js (31.847    
 s):String) [], Re    
moteException
    + FullyQualifiedEr 
   rorId : NativeComm  
  andError
 
  Authentication 
Integration Tests
    POST 
/api/users/register
      ├ù should 
register a new user 
with valid data (5009 
ms)
      ├ù should fail 
to register with an 
existing email (5002 
ms)
      ├ù should fail 
to register with 
missing fields (5015 
ms)
    POST 
/api/users/login
      ├ù should login 
with correct 
credentials (5006 ms)
      ├ù should fail 
to login with wrong 
password (5013 ms)

  ΓùÅ Authentication 
Integration Tests ΓÇ║ 
POST 
/api/users/register 
ΓÇ║ should register a 
new user with valid 
data

    thrown: "Exceeded 
timeout of 5000 ms for 
a hook.
    Add a timeout 
value to this test to 
increase the timeout, 
if this is a 
long-running test. See 
https://jestjs.io/docs/
api#testname-fn-timeout
."

    [0m [90m  7 
|[39m     
     [90m  8 |[39m   
  [90m// Lifecycle 
hooks[39m
    [31m[1m>[22m[39
m[90m  9 |[39m     be
foreAll([36masync[39m
 () [33m=>[39m {
     [90m    |[39m   
  [31m[1m^[22m[39m
     [90m 10 |[39m   
      [90m// Connect 
to the test 
database[39m
     [90m 11 |[39m   
      [36mconst[39m 
url [33m=[39m process
[33m.[39menv[33m.[3
9m[33mMONGODB_URI_TEST
[39m [33m||[39m [32
m'mongodb://localhost:2
7017/blogify_test'[39m
[33m;[39m
     [90m 12 |[39m   
      [36mawait[39m m
ongoose[33m.[39mconne
ct(url)[33m;[39m[0m

      at beforeAll (tes
ts/auth.test.js:9:5)
      at 
Object.describe (tests/
auth.test.js:6:1)

  ΓùÅ Authentication 
Integration Tests ΓÇ║ 
POST 
/api/users/register 
ΓÇ║ should register a 
new user with valid 
data

    thrown: "Exceeded 
timeout of 5000 ms for 
a hook.
    Add a timeout 
value to this test to 
increase the timeout, 
if this is a 
long-running test. See 
https://jestjs.io/docs/
api#testname-fn-timeout
."

    [0m [90m 13 
|[39m     
})[33m;[39m
     [90m 14 |[39m
    [31m[1m>[22m[39
m[90m 15 |[39m     af
terEach([36masync[39m
 () [33m=>[39m {
     [90m    |[39m   
  [31m[1m^[22m[39m
     [90m 16 |[39m   
      [90m// Clear 
test data after each 
test[39m
     [90m 17 |[39m   
      [36mawait[39m 
[33mUser[39m[33m.[39
mdeleteMany({})[33m;[
39m
     [90m 18 |[39m   
  })[33m;[39m[0m

      at afterEach (tes
ts/auth.test.js:15:5)
      at 
Object.describe (tests/
auth.test.js:6:1)

  ΓùÅ Authentication 
Integration Tests ΓÇ║ 
POST 
/api/users/register 
ΓÇ║ should fail to 
register with an 
existing email

    thrown: "Exceeded 
timeout of 5000 ms for 
a hook.
    Add a timeout 
value to this test to 
increase the timeout, 
if this is a 
long-running test. See 
https://jestjs.io/docs/
api#testname-fn-timeout
."

    [0m [90m  7 
|[39m     
     [90m  8 |[39m   
  [90m// Lifecycle 
hooks[39m
    [31m[1m>[22m[39
m[90m  9 |[39m     be
foreAll([36masync[39m
 () [33m=>[39m {
     [90m    |[39m   
  [31m[1m^[22m[39m
     [90m 10 |[39m   
      [90m// Connect 
to the test 
database[39m
     [90m 11 |[39m   
      [36mconst[39m 
url [33m=[39m process
[33m.[39menv[33m.[3
9m[33mMONGODB_URI_TEST
[39m [33m||[39m [32
m'mongodb://localhost:2
7017/blogify_test'[39m
[33m;[39m
     [90m 12 |[39m   
      [36mawait[39m m
ongoose[33m.[39mconne
ct(url)[33m;[39m[0m

      at beforeAll (tes
ts/auth.test.js:9:5)
      at 
Object.describe (tests/
auth.test.js:6:1)

  ΓùÅ Authentication 
Integration Tests ΓÇ║ 
POST 
/api/users/register 
ΓÇ║ should fail to 
register with an 
existing email

    thrown: "Exceeded 
timeout of 5000 ms for 
a hook.
    Add a timeout 
value to this test to 
increase the timeout, 
if this is a 
long-running test. See 
https://jestjs.io/docs/
api#testname-fn-timeout
."

    [0m [90m 13 
|[39m     
})[33m;[39m
     [90m 14 |[39m
    [31m[1m>[22m[39
m[90m 15 |[39m     af
terEach([36masync[39m
 () [33m=>[39m {
     [90m    |[39m   
  [31m[1m^[22m[39m
     [90m 16 |[39m   
      [90m// Clear 
test data after each 
test[39m
     [90m 17 |[39m   
      [36mawait[39m 
[33mUser[39m[33m.[39
mdeleteMany({})[33m;[
39m
     [90m 18 |[39m   
  })[33m;[39m[0m

      at afterEach (tes
ts/auth.test.js:15:5)
      at 
Object.describe (tests/
auth.test.js:6:1)

  ΓùÅ Authentication 
Integration Tests ΓÇ║ 
POST 
/api/users/register 
ΓÇ║ should fail to 
register with missing 
fields

    thrown: "Exceeded 
timeout of 5000 ms for 
a hook.
    Add a timeout 
value to this test to 
increase the timeout, 
if this is a 
long-running test. See 
https://jestjs.io/docs/
api#testname-fn-timeout
."

    [0m [90m  7 
|[39m     
     [90m  8 |[39m   
  [90m// Lifecycle 
hooks[39m
    [31m[1m>[22m[39
m[90m  9 |[39m     be
foreAll([36masync[39m
 () [33m=>[39m {
     [90m    |[39m   
  [31m[1m^[22m[39m
     [90m 10 |[39m   
      [90m// Connect 
to the test 
database[39m
     [90m 11 |[39m   
      [36mconst[39m 
url [33m=[39m process
[33m.[39menv[33m.[3
9m[33mMONGODB_URI_TEST
[39m [33m||[39m [32
m'mongodb://localhost:2
7017/blogify_test'[39m
[33m;[39m
     [90m 12 |[39m   
      [36mawait[39m m
ongoose[33m.[39mconne
ct(url)[33m;[39m[0m

      at beforeAll (tes
ts/auth.test.js:9:5)
      at 
Object.describe (tests/
auth.test.js:6:1)

  ΓùÅ Authentication 
Integration Tests ΓÇ║ 
POST 
/api/users/register 
ΓÇ║ should fail to 
register with missing 
fields

    thrown: "Exceeded 
timeout of 5000 ms for 
a hook.
    Add a timeout 
value to this test to 
increase the timeout, 
if this is a 
long-running test. See 
https://jestjs.io/docs/
api#testname-fn-timeout
."

    [0m [90m 13 
|[39m     
})[33m;[39m
     [90m 14 |[39m
    [31m[1m>[22m[39
m[90m 15 |[39m     af
terEach([36masync[39m
 () [33m=>[39m {
     [90m    |[39m   
  [31m[1m^[22m[39m
     [90m 16 |[39m   
      [90m// Clear 
test data after each 
test[39m
     [90m 17 |[39m   
      [36mawait[39m 
[33mUser[39m[33m.[39
mdeleteMany({})[33m;[
39m
     [90m 18 |[39m   
  })[33m;[39m[0m

      at afterEach (tes
ts/auth.test.js:15:5)
      at 
Object.describe (tests/
auth.test.js:6:1)

  ΓùÅ Authentication 
Integration Tests ΓÇ║ 
POST /api/users/login 
ΓÇ║ should login with 
correct credentials

    thrown: "Exceeded 
timeout of 5000 ms for 
a hook.
    Add a timeout 
value to this test to 
increase the timeout, 
if this is a 
long-running test. See 
https://jestjs.io/docs/
api#testname-fn-timeout
."

    [0m [90m  7 
|[39m     
     [90m  8 |[39m   
  [90m// Lifecycle 
hooks[39m
    [31m[1m>[22m[39
m[90m  9 |[39m     be
foreAll([36masync[39m
 () [33m=>[39m {
     [90m    |[39m   
  [31m[1m^[22m[39m
     [90m 10 |[39m   
      [90m// Connect 
to the test 
database[39m
     [90m 11 |[39m   
      [36mconst[39m 
url [33m=[39m process
[33m.[39menv[33m.[3
9m[33mMONGODB_URI_TEST
[39m [33m||[39m [32
m'mongodb://localhost:2
7017/blogify_test'[39m
[33m;[39m
     [90m 12 |[39m   
      [36mawait[39m m
ongoose[33m.[39mconne
ct(url)[33m;[39m[0m

      at beforeAll (tes
ts/auth.test.js:9:5)
      at 
Object.describe (tests/
auth.test.js:6:1)

  ΓùÅ Authentication 
Integration Tests ΓÇ║ 
POST /api/users/login 
ΓÇ║ should login with 
correct credentials

    thrown: "Exceeded 
timeout of 5000 ms for 
a hook.
    Add a timeout 
value to this test to 
increase the timeout, 
if this is a 
long-running test. See 
https://jestjs.io/docs/
api#testname-fn-timeout
."

    [0m [90m 13 
|[39m     
})[33m;[39m
     [90m 14 |[39m
    [31m[1m>[22m[39
m[90m 15 |[39m     af
terEach([36masync[39m
 () [33m=>[39m {
     [90m    |[39m   
  [31m[1m^[22m[39m
     [90m 16 |[39m   
      [90m// Clear 
test data after each 
test[39m
     [90m 17 |[39m   
      [36mawait[39m 
[33mUser[39m[33m.[39
mdeleteMany({})[33m;[
39m
     [90m 18 |[39m   
  })[33m;[39m[0m

      at afterEach (tes
ts/auth.test.js:15:5)
      at 
Object.describe (tests/
auth.test.js:6:1)

  ΓùÅ Authentication 
Integration Tests ΓÇ║ 
POST /api/users/login 
ΓÇ║ should fail to 
login with wrong 
password

    thrown: "Exceeded 
timeout of 5000 ms for 
a hook.
    Add a timeout 
value to this test to 
increase the timeout, 
if this is a 
long-running test. See 
https://jestjs.io/docs/
api#testname-fn-timeout
."

    [0m [90m  7 
|[39m     
     [90m  8 |[39m   
  [90m// Lifecycle 
hooks[39m
    [31m[1m>[22m[39
m[90m  9 |[39m     be
foreAll([36masync[39m
 () [33m=>[39m {
     [90m    |[39m   
  [31m[1m^[22m[39m
     [90m 10 |[39m   
      [90m// Connect 
to the test 
database[39m
     [90m 11 |[39m   
      [36mconst[39m 
url [33m=[39m process
[33m.[39menv[33m.[3
9m[33mMONGODB_URI_TEST
[39m [33m||[39m [32
m'mongodb://localhost:2
7017/blogify_test'[39m
[33m;[39m
     [90m 12 |[39m   
      [36mawait[39m m
ongoose[33m.[39mconne
ct(url)[33m;[39m[0m

      at beforeAll (tes
ts/auth.test.js:9:5)
      at 
Object.describe (tests/
auth.test.js:6:1)

  ΓùÅ Authentication 
Integration Tests ΓÇ║ 
POST /api/users/login 
ΓÇ║ should fail to 
login with wrong 
password

    thrown: "Exceeded 
timeout of 5000 ms for 
a hook.
    Add a timeout 
value to this test to 
increase the timeout, 
if this is a 
long-running test. See 
https://jestjs.io/docs/
api#testname-fn-timeout
."

    [0m [90m 13 
|[39m     
})[33m;[39m
     [90m 14 |[39m
    [31m[1m>[22m[39
m[90m 15 |[39m     af
terEach([36masync[39m
 () [33m=>[39m {
     [90m    |[39m   
  [31m[1m^[22m[39m
     [90m 16 |[39m   
      [90m// Clear 
test data after each 
test[39m
     [90m 17 |[39m   
      [36mawait[39m 
[33mUser[39m[33m.[39
mdeleteMany({})[33m;[
39m
     [90m 18 |[39m   
  })[33m;[39m[0m

      at afterEach (tes
ts/auth.test.js:15:5)
      at 
Object.describe (tests/
auth.test.js:6:1)

Test Suites: 1 failed, 
1 total
Tests:       5 failed, 
5 total
Snapshots:   0 total
Time:        31.955 s, 
estimated 33 s
Ran all test suites.
Force exiting Jest: 
Have you considered 
using 
`--detectOpenHandles` 
to detect async 
operations that kept 
running after all 
tests finished?
