
> server@1.0.0 test
> jest --runInBand --forceExit

  console.log
    [dotenv@17.3.1] injecting env (6) from .env -- tip: ≡ƒ¢á∩╕Å  run anywhere with `dotenvx run -- yourcommand`

      at _log (node_modules/dotenv/lib/main.js:139:11)


